#
# There is insufficient memory for the Java Runtime Environment to continue.
# Native memory allocation (mmap) failed to map 65536 bytes for Failed to commit metaspace.
# Possible reasons:
#   The system is out of physical RAM or swap space
#   The process is running with CompressedOops enabled, and the Java Heap may be blocking the growth of the native heap
# Possible solutions:
#   Reduce memory load on the system
#   Increase physical memory or swap space
#   Check if swap backing store is full
#   Decrease Java heap size (-Xmx/-Xms)
#   Decrease number of Java threads
#   Decrease Java thread stack sizes (-Xss)
#   Set larger code cache with -XX:ReservedCodeCacheSize=
#   JVM is running with Zero Based Compressed Oops mode in which the Java heap is
#     placed in the first 32GB address space. The Java Heap base address is the
#     maximum limit for the native heap growth. Please use -XX:HeapBaseMinAddress
#     to set the Java Heap base and to place the Java Heap above 32GB virtual address.
# This output file may be truncated or incomplete.
#
#  Out of Memory Error (virtualSpaceNode.cpp:112), pid=32448, tid=23396
#
# JRE version: Java(TM) SE Runtime Environment (21.0.9+7) (build 21.0.9+7-LTS-338)
# Java VM: Java HotSpot(TM) 64-Bit Server VM (21.0.9+7-LTS-338, mixed mode, tiered, compressed oops, compressed class ptrs, g1 gc, windows-amd64)
# No core dump will be written. Minidumps are not enabled by default on client versions of Windows
#

---------------  S U M M A R Y ------------

Command Line: -Dnet.bytebuddy.agent.attacher.dump= net.bytebuddy.agent.Attacher com.sun.tools.attach.VirtualMachine 35756 C:\Users\LENOVO\.m2\repository\net\bytebuddy\byte-buddy-agent\1.17.8\byte-buddy-agent-1.17.8.jar false 

Host: 11th Gen Intel(R) Core(TM) i5-11300H @ 3.10GHz, 8 cores, 23G,  Windows 11 , 64 bit Build 26100 (10.0.26100.8328)
Time: Tue Jun  2 01:31:29 2026 Hora est. Pacífico, Sudamérica elapsed time: 0.142201 seconds (0d 0h 0m 0s)

---------------  T H R E A D  ---------------

Current thread (0x000001a037699810):  JavaThread "main"             [_thread_in_vm, id=23396, stack(0x0000003857a00000,0x0000003857b00000) (1024K)]

Stack: [0x0000003857a00000,0x0000003857b00000]
Native frames: (J=compiled Java code, j=interpreted, Vv=VM code, C=native code)
V  [jvm.dll+0x6cbf89]
V  [jvm.dll+0x858421]
V  [jvm.dll+0x85a94e]
V  [jvm.dll+0x85b023]
V  [jvm.dll+0x27ebc6]
V  [jvm.dll+0x85403e]
V  [jvm.dll+0x66fcf5]
V  [jvm.dll+0x66fd5a]
V  [jvm.dll+0x672575]
V  [jvm.dll+0x672442]
V  [jvm.dll+0x6706ce]
V  [jvm.dll+0x26901f]
V  [jvm.dll+0x67aa45]
V  [jvm.dll+0x2159b1]
V  [jvm.dll+0x215e3a]
V  [jvm.dll+0x216861]
V  [jvm.dll+0x20bcfe]
V  [jvm.dll+0x5aec2c]
V  [jvm.dll+0x21d49a]
V  [jvm.dll+0x7d1aec]
V  [jvm.dll+0x7d2b14]
V  [jvm.dll+0x7d30e2]
V  [jvm.dll+0x7d2d68]
V  [jvm.dll+0x26c99b]
V  [jvm.dll+0x3d44de]
C  0x000001a04866b294

The last pc belongs to new (printed below).
Java frames: (J=compiled Java code, j=interpreted, Vv=VM code)
j  java.lang.invoke.LambdaMetafactory.metafactory(Ljava/lang/invoke/MethodHandles$Lookup;Ljava/lang/String;Ljava/lang/invoke/MethodType;Ljava/lang/invoke/MethodType;Ljava/lang/invoke/MethodHandle;Ljava/lang/invoke/MethodType;)Ljava/lang/invoke/CallSite;+0 java.base@21.0.9
j  java.lang.invoke.DirectMethodHandle$Holder.invokeStatic(Ljava/lang/Object;Ljava/lang/Object;Ljava/lang/Object;Ljava/lang/Object;Ljava/lang/Object;Ljava/lang/Object;Ljava/lang/Object;)Ljava/lang/Object;+20 java.base@21.0.9
j  java.lang.invoke.Invokers$Holder.invokeExact_MT(Ljava/lang/Object;Ljava/lang/Object;Ljava/lang/Object;Ljava/lang/Object;Ljava/lang/Object;Ljava/lang/Object;Ljava/lang/Object;Ljava/lang/Object;)Ljava/lang/Object;+28 java.base@21.0.9
j  java.lang.invoke.BootstrapMethodInvoker.invoke(Ljava/lang/Class;Ljava/lang/invoke/MethodHandle;Ljava/lang/String;Ljava/lang/Object;Ljava/lang/Object;Ljava/lang/Class;)Ljava/lang/Object;+319 java.base@21.0.9
j  java.lang.invoke.CallSite.makeSite(Ljava/lang/invoke/MethodHandle;Ljava/lang/String;Ljava/lang/invoke/MethodType;Ljava/lang/Object;Ljava/lang/Class;)Ljava/lang/invoke/CallSite;+8 java.base@21.0.9
j  java.lang.invoke.MethodHandleNatives.linkCallSiteImpl(Ljava/lang/Class;Ljava/lang/invoke/MethodHandle;Ljava/lang/String;Ljava/lang/invoke/MethodType;Ljava/lang/Object;[Ljava/lang/Object;)Ljava/lang/invoke/MemberName;+6 java.base@21.0.9
j  java.lang.invoke.MethodHandleNatives.linkCallSite(Ljava/lang/Object;Ljava/lang/Object;Ljava/lang/Object;Ljava/lang/Object;Ljava/lang/Object;[Ljava/lang/Object;)Ljava/lang/invoke/MemberName;+45 java.base@21.0.9
v  ~StubRoutines::call_stub 0x000001a0486510e7
j  java.util.regex.CharPredicates.ASCII_SPACE()Ljava/util/regex/Pattern$BmpCharPredicate;+0 java.base@21.0.9
j  java.util.regex.Pattern.escape(ZZZ)I+591 java.base@21.0.9
j  java.util.regex.Pattern.atom()Ljava/util/regex/Pattern$Node;+287 java.base@21.0.9
j  java.util.regex.Pattern.sequence(Ljava/util/regex/Pattern$Node;)Ljava/util/regex/Pattern$Node;+345 java.base@21.0.9
j  java.util.regex.Pattern.expr(Ljava/util/regex/Pattern$Node;)Ljava/util/regex/Pattern$Node;+12 java.base@21.0.9
j  java.util.regex.Pattern.compile()V+222 java.base@21.0.9
j  java.util.regex.Pattern.<init>(Ljava/lang/String;I)V+108 java.base@21.0.9
j  java.util.regex.Pattern.compile(Ljava/lang/String;)Ljava/util/regex/Pattern;+6 java.base@21.0.9
j  sun.jvmstat.perfdata.monitor.protocol.local.LocalVmManager.<init>()V+6 jdk.internal.jvmstat@21.0.9
j  sun.jvmstat.perfdata.monitor.protocol.local.MonitoredHostProvider.<init>(Lsun/jvmstat/monitor/HostIdentifier;)V+43 jdk.internal.jvmstat@21.0.9
j  sun.jvmstat.perfdata.monitor.protocol.local.MonitoredHostLocalService.getMonitoredHost(Lsun/jvmstat/monitor/HostIdentifier;)Lsun/jvmstat/monitor/MonitoredHost;+5 jdk.internal.jvmstat@21.0.9
j  sun.jvmstat.monitor.MonitoredHost.getMonitoredHost(Lsun/jvmstat/monitor/HostIdentifier;)Lsun/jvmstat/monitor/MonitoredHost;+108 jdk.internal.jvmstat@21.0.9
j  sun.jvmstat.monitor.MonitoredHost.getMonitoredHost(Lsun/jvmstat/monitor/VmIdentifier;)Lsun/jvmstat/monitor/MonitoredHost;+10 jdk.internal.jvmstat@21.0.9
j  sun.tools.attach.HotSpotAttachProvider.testAttachable(Ljava/lang/String;)V+12 jdk.attach@21.0.9
j  sun.tools.attach.AttachProviderImpl.attachVirtualMachine(Ljava/lang/String;)Lcom/sun/tools/attach/VirtualMachine;+6 jdk.attach@21.0.9
j  com.sun.tools.attach.VirtualMachine.attach(Ljava/lang/String;)Lcom/sun/tools/attach/VirtualMachine;+69 jdk.attach@21.0.9
j  java.lang.invoke.DirectMethodHandle$Holder.invokeStatic(Ljava/lang/Object;Ljava/lang/Object;)Ljava/lang/Object;+10 java.base@21.0.9
j  java.lang.invoke.LambdaForm$MH+0x0000000800080800.invoke(Ljava/lang/Object;Ljava/lang/Object;Ljava/lang/Object;)Ljava/lang/Object;+33 java.base@21.0.9
j  java.lang.invoke.Invokers$Holder.invokeExact_MT(Ljava/lang/Object;Ljava/lang/Object;Ljava/lang/Object;Ljava/lang/Object;)Ljava/lang/Object;+20 java.base@21.0.9
j  jdk.internal.reflect.DirectMethodHandleAccessor.invokeImpl(Ljava/lang/Object;[Ljava/lang/Object;)Ljava/lang/Object;+55 java.base@21.0.9
j  jdk.internal.reflect.DirectMethodHandleAccessor.invoke(Ljava/lang/Object;[Ljava/lang/Object;)Ljava/lang/Object;+23 java.base@21.0.9
j  java.lang.reflect.Method.invoke(Ljava/lang/Object;[Ljava/lang/Object;)Ljava/lang/Object;+102 java.base@21.0.9
j  net.bytebuddy.agent.Attacher.install(Ljava/lang/Class;Ljava/lang/String;Ljava/lang/String;ZLjava/lang/String;)V+24
j  net.bytebuddy.agent.Attacher.main([Ljava/lang/String;)V+86
v  ~StubRoutines::call_stub 0x000001a0486510e7
new  187 new  [0x000001a04866b100, 0x000001a04866b308]  520 bytes
[MachCode]
  0x000001a04866b100: 4883 ec08 | c5fa 1104 | 24eb 1f48 | 83ec 10c5 | fb11 0424 | eb14 4883 | ec10 4889 | 0424 48c7 
  0x000001a04866b120: 4424 0800 | 0000 00eb | 0150 410f | b755 010f | cac1 ea10 | 488b 4de8 | 488b 4908 | 488b 4908 
  0x000001a04866b140: 488b 4108 | 807c 1004 | 070f 85d3 | 0000 0066 | 8b54 d148 | 488b 4928 | 488b 4cd1 | 0851 80b9 
  0x000001a04866b160: 2101 0000 | 040f 85b6 | 0000 008b | 5108 f6c2 | 010f 85aa | 0000 0049 | 8b87 b801 | 0000 488d 
  0x000001a04866b180: 1c10 493b | 9fc8 0100 | 000f 8792 | 0000 0049 | 899f b801 | 0000 4883 | ea10 0f84 | 0f00 0000 
  0x000001a04866b1a0: 33c9 c1ea | 0348 894c | d008 48ff | ca75 f648 | c700 0100 | 0000 5933 | f689 700c | 49ba 0000 
  0x000001a04866b1c0: 0000 0800 | 0000 492b | ca89 4808 | 49ba c187 | 2b7f ff7f | 0000 4180 | 3a00 0f84 | 3c00 0000 
  0x000001a04866b1e0: 5048 8bc8 | 4883 ec20 | 40f6 c40f | 0f84 1900 | 0000 4883 | ec08 48b8 | d01e dc7e | ff7f 0000 
  0x000001a04866b200: ffd0 4883 | c408 e90c | 0000 0048 | b8d0 1edc | 7eff 7f00 | 00ff d048 | 83c4 2058 | e9cb 0000 
  0x000001a04866b220: 0059 488b | 55e8 488b | 5208 488b | 5208 450f | b745 0141 | 0fc8 41c1 | e810 e805 | 0000 00e9 
  0x000001a04866b240: a800 0000 | 488d 4424 | 084c 896d | c049 8bcf | c5f8 7749 | 89af b003 | 0000 4989 | 87a0 0300 
  0x000001a04866b260: 0048 83ec | 2040 f6c4 | 0f0f 8419 | 0000 0048 | 83ec 0848 | b890 44a6 | 7eff 7f00 | 00ff d048 
  0x000001a04866b280: 83c4 08e9 | 0c00 0000 | 48b8 9044 | a67e ff7f | 0000 ffd0 | 4883 c420 | 49c7 87a0 | 0300 0000 
  0x000001a04866b2a0: 0000 0049 | c787 b003 | 0000 0000 | 0000 49c7 | 87a8 0300 | 0000 0000 | 00c5 f877 | 4983 7f08 
  0x000001a04866b2c0: 000f 8405 | 0000 00e9 | 345c feff | 498b 87f8 | 0300 0049 | c787 f803 | 0000 0000 | 0000 4c8b 
  0x000001a04866b2e0: 6dc0 4c8b | 75c8 4e8d | 74f5 00c3 | 410f b65d | 0349 83c5 | 0349 ba80 | 4b2e 7fff | 7f00 0041 
  0x000001a04866b300: ff24 da0f | 1f44 0000 
[/MachCode]

---------------  P R O C E S S  ---------------

Threads class SMR info:
_java_thread_list=0x000001a05f260320, length=11, elements={
0x000001a037699810, 0x000001a05f0aabd0, 0x000001a05f093330, 0x000001a05f097920,
0x000001a05f098380, 0x000001a05f09b580, 0x000001a05f09c400, 0x000001a05f0cf5d0,
0x000001a05f0f3ac0, 0x000001a05f09ca90, 0x000001a05f09e4d0
}

Java Threads: ( => current thread )
=>0x000001a037699810 JavaThread "main"                              [_thread_in_vm, id=23396, stack(0x0000003857a00000,0x0000003857b00000) (1024K)]
  0x000001a05f0aabd0 JavaThread "Reference Handler"          daemon [_thread_blocked, id=45660, stack(0x0000003858200000,0x0000003858300000) (1024K)]
  0x000001a05f093330 JavaThread "Finalizer"                  daemon [_thread_blocked, id=45788, stack(0x0000003858300000,0x0000003858400000) (1024K)]
  0x000001a05f097920 JavaThread "Signal Dispatcher"          daemon [_thread_blocked, id=8248, stack(0x0000003858400000,0x0000003858500000) (1024K)]
  0x000001a05f098380 JavaThread "Attach Listener"            daemon [_thread_blocked, id=46676, stack(0x0000003858500000,0x0000003858600000) (1024K)]
  0x000001a05f09b580 JavaThread "Service Thread"             daemon [_thread_blocked, id=28824, stack(0x0000003858600000,0x0000003858700000) (1024K)]
  0x000001a05f09c400 JavaThread "Monitor Deflation Thread"   daemon [_thread_blocked, id=5816, stack(0x0000003858700000,0x0000003858800000) (1024K)]
  0x000001a05f0cf5d0 JavaThread "C2 CompilerThread0"         daemon [_thread_blocked, id=44588, stack(0x0000003858800000,0x0000003858900000) (1024K)]
  0x000001a05f0f3ac0 JavaThread "C1 CompilerThread0"         daemon [_thread_blocked, id=46528, stack(0x0000003858900000,0x0000003858a00000) (1024K)]
  0x000001a05f09ca90 JavaThread "Notification Thread"        daemon [_thread_blocked, id=45656, stack(0x0000003858a00000,0x0000003858b00000) (1024K)]
  0x000001a05f09e4d0 JavaThread "Common-Cleaner"             daemon [_thread_blocked, id=46984, stack(0x0000003858b00000,0x0000003858c00000) (1024K)]
Total: 11

Other Threads:
  0x000001a05f0129a0 VMThread "VM Thread"                           [id=46688, stack(0x0000003858100000,0x0000003858200000) (1024K)]
  0x000001a05a6c9140 WatcherThread "VM Periodic Task Thread"        [id=29356, stack(0x0000003858000000,0x0000003858100000) (1024K)]
  0x000001a037718bd0 WorkerThread "GC Thread#0"                     [id=46916, stack(0x0000003857b00000,0x0000003857c00000) (1024K)]
  0x000001a037725a10 ConcurrentGCThread "G1 Main Marker"            [id=46596, stack(0x0000003857c00000,0x0000003857d00000) (1024K)]
  0x000001a037726520 WorkerThread "G1 Conc#0"                       [id=46980, stack(0x0000003857d00000,0x0000003857e00000) (1024K)]
  0x000001a05a599830 ConcurrentGCThread "G1 Refine#0"               [id=45568, stack(0x0000003857e00000,0x0000003857f00000) (1024K)]
  0x000001a05a59b070 ConcurrentGCThread "G1 Service"                [id=46280, stack(0x0000003857f00000,0x0000003858000000) (1024K)]
Total: 7

Threads with active compile tasks:
Total: 0

VM state: not at safepoint (normal execution)

VM Mutex/Monitor currently owned by a thread:  ([mutex/lock_event])
[0x00007fff7f2cedf0] Metaspace_lock - owner thread: 0x000001a037699810

Heap address: 0x0000000683400000, size: 6092 MB, Compressed Oops mode: Zero based, Oop shift amount: 3

CDS archive(s) not mapped
Compressed class space mapped at: 0x0000000800000000-0x0000000840000000, reserved size: 1073741824
Narrow klass base: 0x0000000800000000, Narrow klass shift: 0, Narrow klass range: 0x40000000

GC Precious Log:
 CardTable entry size: 512
 Card Set container configuration: InlinePtr #cards 4 size 8 Array Of Cards #cards 32 size 80 Howl #buckets 8 coarsen threshold 7372 Howl Bitmap #cards 1024 size 144 coarsen threshold 921 Card regions per heap region 1 cards per card region 8192
 CPUs: 8 total, 8 available
 Memory: 24359M
 Large Page Support: Disabled
 NUMA Support: Disabled
 Compressed Oops: Enabled (Zero based)
 Heap Region Size: 4M
 Heap Min Capacity: 8M
 Heap Initial Capacity: 384M
 Heap Max Capacity: 6092M
 Pre-touch: Disabled
 Parallel Workers: 8
 Concurrent Workers: 2
 Concurrent Refinement Workers: 8
 Periodic GC: Disabled

Heap:
 garbage-first heap   total 393216K, used 0K [0x0000000683400000, 0x0000000800000000)
  region size 4096K, 1 young (4096K), 0 survivors (0K)
 Metaspace       used 7112K, committed 7232K, reserved 1114112K
  class space    used 572K, committed 640K, reserved 1048576K

Heap Regions: E=young(eden), S=young(survivor), O=old, HS=humongous(starts), HC=humongous(continues), CS=collection set, F=free, TAMS=top-at-mark-start, PB=parsable bottom
|   0|0x0000000683400000, 0x0000000683400000, 0x0000000683800000|  0%| F|  |TAMS 0x0000000683400000| PB 0x0000000683400000| Untracked 
|   1|0x0000000683800000, 0x0000000683800000, 0x0000000683c00000|  0%| F|  |TAMS 0x0000000683800000| PB 0x0000000683800000| Untracked 
|   2|0x0000000683c00000, 0x0000000683c00000, 0x0000000684000000|  0%| F|  |TAMS 0x0000000683c00000| PB 0x0000000683c00000| Untracked 
|   3|0x0000000684000000, 0x0000000684000000, 0x0000000684400000|  0%| F|  |TAMS 0x0000000684000000| PB 0x0000000684000000| Untracked 
|   4|0x0000000684400000, 0x0000000684400000, 0x0000000684800000|  0%| F|  |TAMS 0x0000000684400000| PB 0x0000000684400000| Untracked 
|   5|0x0000000684800000, 0x0000000684800000, 0x0000000684c00000|  0%| F|  |TAMS 0x0000000684800000| PB 0x0000000684800000| Untracked 
|   6|0x0000000684c00000, 0x0000000684c00000, 0x0000000685000000|  0%| F|  |TAMS 0x0000000684c00000| PB 0x0000000684c00000| Untracked 
|   7|0x0000000685000000, 0x0000000685000000, 0x0000000685400000|  0%| F|  |TAMS 0x0000000685000000| PB 0x0000000685000000| Untracked 
|   8|0x0000000685400000, 0x0000000685400000, 0x0000000685800000|  0%| F|  |TAMS 0x0000000685400000| PB 0x0000000685400000| Untracked 
|   9|0x0000000685800000, 0x0000000685800000, 0x0000000685c00000|  0%| F|  |TAMS 0x0000000685800000| PB 0x0000000685800000| Untracked 
|  10|0x0000000685c00000, 0x0000000685c00000, 0x0000000686000000|  0%| F|  |TAMS 0x0000000685c00000| PB 0x0000000685c00000| Untracked 
|  11|0x0000000686000000, 0x0000000686000000, 0x0000000686400000|  0%| F|  |TAMS 0x0000000686000000| PB 0x0000000686000000| Untracked 
|  12|0x0000000686400000, 0x0000000686400000, 0x0000000686800000|  0%| F|  |TAMS 0x0000000686400000| PB 0x0000000686400000| Untracked 
|  13|0x0000000686800000, 0x0000000686800000, 0x0000000686c00000|  0%| F|  |TAMS 0x0000000686800000| PB 0x0000000686800000| Untracked 
|  14|0x0000000686c00000, 0x0000000686c00000, 0x0000000687000000|  0%| F|  |TAMS 0x0000000686c00000| PB 0x0000000686c00000| Untracked 
|  15|0x0000000687000000, 0x0000000687000000, 0x0000000687400000|  0%| F|  |TAMS 0x0000000687000000| PB 0x0000000687000000| Untracked 
|  16|0x0000000687400000, 0x0000000687400000, 0x0000000687800000|  0%| F|  |TAMS 0x0000000687400000| PB 0x0000000687400000| Untracked 
|  17|0x0000000687800000, 0x0000000687800000, 0x0000000687c00000|  0%| F|  |TAMS 0x0000000687800000| PB 0x0000000687800000| Untracked 
|  18|0x0000000687c00000, 0x0000000687c00000, 0x0000000688000000|  0%| F|  |TAMS 0x0000000687c00000| PB 0x0000000687c00000| Untracked 
|  19|0x0000000688000000, 0x0000000688000000, 0x0000000688400000|  0%| F|  |TAMS 0x0000000688000000| PB 0x0000000688000000| Untracked 
|  20|0x0000000688400000, 0x0000000688400000, 0x0000000688800000|  0%| F|  |TAMS 0x0000000688400000| PB 0x0000000688400000| Untracked 
|  21|0x0000000688800000, 0x0000000688800000, 0x0000000688c00000|  0%| F|  |TAMS 0x0000000688800000| PB 0x0000000688800000| Untracked 
|  22|0x0000000688c00000, 0x0000000688c00000, 0x0000000689000000|  0%| F|  |TAMS 0x0000000688c00000| PB 0x0000000688c00000| Untracked 
|  23|0x0000000689000000, 0x0000000689000000, 0x0000000689400000|  0%| F|  |TAMS 0x0000000689000000| PB 0x0000000689000000| Untracked 
|  24|0x0000000689400000, 0x0000000689400000, 0x0000000689800000|  0%| F|  |TAMS 0x0000000689400000| PB 0x0000000689400000| Untracked 
|  25|0x0000000689800000, 0x0000000689800000, 0x0000000689c00000|  0%| F|  |TAMS 0x0000000689800000| PB 0x0000000689800000| Untracked 
|  26|0x0000000689c00000, 0x0000000689c00000, 0x000000068a000000|  0%| F|  |TAMS 0x0000000689c00000| PB 0x0000000689c00000| Untracked 
|  27|0x000000068a000000, 0x000000068a000000, 0x000000068a400000|  0%| F|  |TAMS 0x000000068a000000| PB 0x000000068a000000| Untracked 
|  28|0x000000068a400000, 0x000000068a400000, 0x000000068a800000|  0%| F|  |TAMS 0x000000068a400000| PB 0x000000068a400000| Untracked 
|  29|0x000000068a800000, 0x000000068a800000, 0x000000068ac00000|  0%| F|  |TAMS 0x000000068a800000| PB 0x000000068a800000| Untracked 
|  30|0x000000068ac00000, 0x000000068ac00000, 0x000000068b000000|  0%| F|  |TAMS 0x000000068ac00000| PB 0x000000068ac00000| Untracked 
|  31|0x000000068b000000, 0x000000068b000000, 0x000000068b400000|  0%| F|  |TAMS 0x000000068b000000| PB 0x000000068b000000| Untracked 
|  32|0x000000068b400000, 0x000000068b400000, 0x000000068b800000|  0%| F|  |TAMS 0x000000068b400000| PB 0x000000068b400000| Untracked 
|  33|0x000000068b800000, 0x000000068b800000, 0x000000068bc00000|  0%| F|  |TAMS 0x000000068b800000| PB 0x000000068b800000| Untracked 
|  34|0x000000068bc00000, 0x000000068bc00000, 0x000000068c000000|  0%| F|  |TAMS 0x000000068bc00000| PB 0x000000068bc00000| Untracked 
|  35|0x000000068c000000, 0x000000068c000000, 0x000000068c400000|  0%| F|  |TAMS 0x000000068c000000| PB 0x000000068c000000| Untracked 
|  36|0x000000068c400000, 0x000000068c400000, 0x000000068c800000|  0%| F|  |TAMS 0x000000068c400000| PB 0x000000068c400000| Untracked 
|  37|0x000000068c800000, 0x000000068c800000, 0x000000068cc00000|  0%| F|  |TAMS 0x000000068c800000| PB 0x000000068c800000| Untracked 
|  38|0x000000068cc00000, 0x000000068cc00000, 0x000000068d000000|  0%| F|  |TAMS 0x000000068cc00000| PB 0x000000068cc00000| Untracked 
|  39|0x000000068d000000, 0x000000068d000000, 0x000000068d400000|  0%| F|  |TAMS 0x000000068d000000| PB 0x000000068d000000| Untracked 
|  40|0x000000068d400000, 0x000000068d400000, 0x000000068d800000|  0%| F|  |TAMS 0x000000068d400000| PB 0x000000068d400000| Untracked 
|  41|0x000000068d800000, 0x000000068d800000, 0x000000068dc00000|  0%| F|  |TAMS 0x000000068d800000| PB 0x000000068d800000| Untracked 
|  42|0x000000068dc00000, 0x000000068dc00000, 0x000000068e000000|  0%| F|  |TAMS 0x000000068dc00000| PB 0x000000068dc00000| Untracked 
|  43|0x000000068e000000, 0x000000068e000000, 0x000000068e400000|  0%| F|  |TAMS 0x000000068e000000| PB 0x000000068e000000| Untracked 
|  44|0x000000068e400000, 0x000000068e400000, 0x000000068e800000|  0%| F|  |TAMS 0x000000068e400000| PB 0x000000068e400000| Untracked 
|  45|0x000000068e800000, 0x000000068e800000, 0x000000068ec00000|  0%| F|  |TAMS 0x000000068e800000| PB 0x000000068e800000| Untracked 
|  46|0x000000068ec00000, 0x000000068ec00000, 0x000000068f000000|  0%| F|  |TAMS 0x000000068ec00000| PB 0x000000068ec00000| Untracked 
|  47|0x000000068f000000, 0x000000068f000000, 0x000000068f400000|  0%| F|  |TAMS 0x000000068f000000| PB 0x000000068f000000| Untracked 
|  48|0x000000068f400000, 0x000000068f400000, 0x000000068f800000|  0%| F|  |TAMS 0x000000068f400000| PB 0x000000068f400000| Untracked 
|  49|0x000000068f800000, 0x000000068f800000, 0x000000068fc00000|  0%| F|  |TAMS 0x000000068f800000| PB 0x000000068f800000| Untracked 
|  50|0x000000068fc00000, 0x000000068fc00000, 0x0000000690000000|  0%| F|  |TAMS 0x000000068fc00000| PB 0x000000068fc00000| Untracked 
|  51|0x0000000690000000, 0x0000000690000000, 0x0000000690400000|  0%| F|  |TAMS 0x0000000690000000| PB 0x0000000690000000| Untracked 
|  52|0x0000000690400000, 0x0000000690400000, 0x0000000690800000|  0%| F|  |TAMS 0x0000000690400000| PB 0x0000000690400000| Untracked 
|  53|0x0000000690800000, 0x0000000690800000, 0x0000000690c00000|  0%| F|  |TAMS 0x0000000690800000| PB 0x0000000690800000| Untracked 
|  54|0x0000000690c00000, 0x0000000690c00000, 0x0000000691000000|  0%| F|  |TAMS 0x0000000690c00000| PB 0x0000000690c00000| Untracked 
|  55|0x0000000691000000, 0x0000000691000000, 0x0000000691400000|  0%| F|  |TAMS 0x0000000691000000| PB 0x0000000691000000| Untracked 
|  56|0x0000000691400000, 0x0000000691400000, 0x0000000691800000|  0%| F|  |TAMS 0x0000000691400000| PB 0x0000000691400000| Untracked 
|  57|0x0000000691800000, 0x0000000691800000, 0x0000000691c00000|  0%| F|  |TAMS 0x0000000691800000| PB 0x0000000691800000| Untracked 
|  58|0x0000000691c00000, 0x0000000691c00000, 0x0000000692000000|  0%| F|  |TAMS 0x0000000691c00000| PB 0x0000000691c00000| Untracked 
|  59|0x0000000692000000, 0x0000000692000000, 0x0000000692400000|  0%| F|  |TAMS 0x0000000692000000| PB 0x0000000692000000| Untracked 
|  60|0x0000000692400000, 0x0000000692400000, 0x0000000692800000|  0%| F|  |TAMS 0x0000000692400000| PB 0x0000000692400000| Untracked 
|  61|0x0000000692800000, 0x0000000692800000, 0x0000000692c00000|  0%| F|  |TAMS 0x0000000692800000| PB 0x0000000692800000| Untracked 
|  62|0x0000000692c00000, 0x0000000692c00000, 0x0000000693000000|  0%| F|  |TAMS 0x0000000692c00000| PB 0x0000000692c00000| Untracked 
|  63|0x0000000693000000, 0x0000000693000000, 0x0000000693400000|  0%| F|  |TAMS 0x0000000693000000| PB 0x0000000693000000| Untracked 
|  64|0x0000000693400000, 0x0000000693400000, 0x0000000693800000|  0%| F|  |TAMS 0x0000000693400000| PB 0x0000000693400000| Untracked 
|  65|0x0000000693800000, 0x0000000693800000, 0x0000000693c00000|  0%| F|  |TAMS 0x0000000693800000| PB 0x0000000693800000| Untracked 
|  66|0x0000000693c00000, 0x0000000693c00000, 0x0000000694000000|  0%| F|  |TAMS 0x0000000693c00000| PB 0x0000000693c00000| Untracked 
|  67|0x0000000694000000, 0x0000000694000000, 0x0000000694400000|  0%| F|  |TAMS 0x0000000694000000| PB 0x0000000694000000| Untracked 
|  68|0x0000000694400000, 0x0000000694400000, 0x0000000694800000|  0%| F|  |TAMS 0x0000000694400000| PB 0x0000000694400000| Untracked 
|  69|0x0000000694800000, 0x0000000694800000, 0x0000000694c00000|  0%| F|  |TAMS 0x0000000694800000| PB 0x0000000694800000| Untracked 
|  70|0x0000000694c00000, 0x0000000694c00000, 0x0000000695000000|  0%| F|  |TAMS 0x0000000694c00000| PB 0x0000000694c00000| Untracked 
|  71|0x0000000695000000, 0x0000000695000000, 0x0000000695400000|  0%| F|  |TAMS 0x0000000695000000| PB 0x0000000695000000| Untracked 
|  72|0x0000000695400000, 0x0000000695400000, 0x0000000695800000|  0%| F|  |TAMS 0x0000000695400000| PB 0x0000000695400000| Untracked 
|  73|0x0000000695800000, 0x0000000695800000, 0x0000000695c00000|  0%| F|  |TAMS 0x0000000695800000| PB 0x0000000695800000| Untracked 
|  74|0x0000000695c00000, 0x0000000695c00000, 0x0000000696000000|  0%| F|  |TAMS 0x0000000695c00000| PB 0x0000000695c00000| Untracked 
|  75|0x0000000696000000, 0x0000000696000000, 0x0000000696400000|  0%| F|  |TAMS 0x0000000696000000| PB 0x0000000696000000| Untracked 
|  76|0x0000000696400000, 0x0000000696400000, 0x0000000696800000|  0%| F|  |TAMS 0x0000000696400000| PB 0x0000000696400000| Untracked 
|  77|0x0000000696800000, 0x0000000696800000, 0x0000000696c00000|  0%| F|  |TAMS 0x0000000696800000| PB 0x0000000696800000| Untracked 
|  78|0x0000000696c00000, 0x0000000696c00000, 0x0000000697000000|  0%| F|  |TAMS 0x0000000696c00000| PB 0x0000000696c00000| Untracked 
|  79|0x0000000697000000, 0x0000000697000000, 0x0000000697400000|  0%| F|  |TAMS 0x0000000697000000| PB 0x0000000697000000| Untracked 
|  80|0x0000000697400000, 0x0000000697400000, 0x0000000697800000|  0%| F|  |TAMS 0x0000000697400000| PB 0x0000000697400000| Untracked 
|  81|0x0000000697800000, 0x0000000697800000, 0x0000000697c00000|  0%| F|  |TAMS 0x0000000697800000| PB 0x0000000697800000| Untracked 
|  82|0x0000000697c00000, 0x0000000697c00000, 0x0000000698000000|  0%| F|  |TAMS 0x0000000697c00000| PB 0x0000000697c00000| Untracked 
|  83|0x0000000698000000, 0x0000000698000000, 0x0000000698400000|  0%| F|  |TAMS 0x0000000698000000| PB 0x0000000698000000| Untracked 
|  84|0x0000000698400000, 0x0000000698400000, 0x0000000698800000|  0%| F|  |TAMS 0x0000000698400000| PB 0x0000000698400000| Untracked 
|  85|0x0000000698800000, 0x0000000698800000, 0x0000000698c00000|  0%| F|  |TAMS 0x0000000698800000| PB 0x0000000698800000| Untracked 
|  86|0x0000000698c00000, 0x0000000698c00000, 0x0000000699000000|  0%| F|  |TAMS 0x0000000698c00000| PB 0x0000000698c00000| Untracked 
|  87|0x0000000699000000, 0x0000000699000000, 0x0000000699400000|  0%| F|  |TAMS 0x0000000699000000| PB 0x0000000699000000| Untracked 
|  88|0x0000000699400000, 0x0000000699400000, 0x0000000699800000|  0%| F|  |TAMS 0x0000000699400000| PB 0x0000000699400000| Untracked 
|  89|0x0000000699800000, 0x0000000699800000, 0x0000000699c00000|  0%| F|  |TAMS 0x0000000699800000| PB 0x0000000699800000| Untracked 
|  90|0x0000000699c00000, 0x0000000699c00000, 0x000000069a000000|  0%| F|  |TAMS 0x0000000699c00000| PB 0x0000000699c00000| Untracked 
|  91|0x000000069a000000, 0x000000069a000000, 0x000000069a400000|  0%| F|  |TAMS 0x000000069a000000| PB 0x000000069a000000| Untracked 
|  92|0x000000069a400000, 0x000000069a400000, 0x000000069a800000|  0%| F|  |TAMS 0x000000069a400000| PB 0x000000069a400000| Untracked 
|  93|0x000000069a800000, 0x000000069a800000, 0x000000069ac00000|  0%| F|  |TAMS 0x000000069a800000| PB 0x000000069a800000| Untracked 
|  94|0x000000069ac00000, 0x000000069ac00000, 0x000000069b000000|  0%| F|  |TAMS 0x000000069ac00000| PB 0x000000069ac00000| Untracked 
|  95|0x000000069b000000, 0x000000069b2cd020, 0x000000069b400000| 70%| E|  |TAMS 0x000000069b000000| PB 0x000000069b000000| Complete 

Card table byte_map: [0x000001a051770000,0x000001a052360000] _byte_map_base: 0x000001a04e356000

Marking Bits: (CMBitMap*) 0x000001a0377192e0
 Bits: [0x000001a052360000, 0x000001a058290000)

Polling page: 0x000001a037760000

Metaspace:

Usage:
  Non-class:      6.39 MB used.
      Class:    572.01 KB used.
       Both:      6.95 MB used.

Virtual space:
  Non-class space:       64.00 MB reserved,       6.44 MB ( 10%) committed,  1 nodes.
      Class space:        1.00 GB reserved,     640.00 KB ( <1%) committed,  1 nodes.
             Both:        1.06 GB reserved,       7.06 MB ( <1%) committed. 

Chunk freelists:
   Non-Class:  8.92 MB
       Class:  15.22 MB
        Both:  24.14 MB

MaxMetaspaceSize: unlimited
CompressedClassSpaceSize: 1.00 GB
Initial GC threshold: 21.00 MB
Current GC threshold: 21.00 MB
CDS: off
 - commit_granule_bytes: 65536.
 - commit_granule_words: 8192.
 - virtual_space_node_default_size: 8388608.
 - enlarge_chunks_in_place: 1.
 - use_allocation_guard: 0.


Internal statistics:

num_allocs_failed_limit: 0.
num_arena_births: 12.
num_arena_deaths: 0.
num_vsnodes_births: 2.
num_vsnodes_deaths: 0.
num_space_committed: 113.
num_space_uncommitted: 0.
num_chunks_returned_to_freelist: 0.
num_chunks_taken_from_freelist: 36.
num_chunk_merges: 0.
num_chunk_splits: 16.
num_chunks_enlarged: 8.
num_inconsistent_stats: 0.

CodeHeap 'non-profiled nmethods': size=120000Kb used=55Kb max_used=55Kb free=119944Kb
 bounds [0x000001a048bf0000, 0x000001a048e60000, 0x000001a050120000]
CodeHeap 'profiled nmethods': size=120000Kb used=165Kb max_used=165Kb free=119834Kb
 bounds [0x000001a041120000, 0x000001a041390000, 0x000001a048650000]
CodeHeap 'non-nmethods': size=5760Kb used=1390Kb max_used=1404Kb free=4369Kb
 bounds [0x000001a048650000, 0x000001a0488c0000, 0x000001a048bf0000]
 total_blobs=554 nmethods=159 adapters=300
 compilation: enabled
              stopped_count=0, restarted_count=0
 full_count=0

Compilation events (20 events):
Event: 0.135 Thread 0x000001a05f0f3ac0  146       3       java.lang.StringLatin1::lastIndexOf (40 bytes)
Event: 0.135 Thread 0x000001a05f0f3ac0 nmethod 146 0x000001a041146a90 code [0x000001a041146c60, 0x000001a041147050]
Event: 0.135 Thread 0x000001a05f0f3ac0  147       3       jdk.internal.jimage.ImageLocation::readValue (61 bytes)
Event: 0.136 Thread 0x000001a05f0f3ac0 nmethod 147 0x000001a041147190 code [0x000001a041147360, 0x000001a041147740]
Event: 0.136 Thread 0x000001a05f0f3ac0  148       3       java.lang.invoke.MethodTypeForm::canonicalize (74 bytes)
Event: 0.137 Thread 0x000001a05f0f3ac0 nmethod 148 0x000001a041147910 code [0x000001a041147b40, 0x000001a041148108]
Event: 0.137 Thread 0x000001a05f0f3ac0  149       3       jdk.internal.util.Preconditions::checkFromToIndex (24 bytes)
Event: 0.137 Thread 0x000001a05f0f3ac0 nmethod 149 0x000001a041148310 code [0x000001a0411484c0, 0x000001a041148698]
Event: 0.138 Thread 0x000001a05f0cf5d0  150       4       java.lang.String::isLatin1 (19 bytes)
Event: 0.138 Thread 0x000001a05f0cf5d0 nmethod 150 0x000001a048bfc810 code [0x000001a048bfc9a0, 0x000001a048bfca30]
Event: 0.138 Thread 0x000001a05f0cf5d0  151       4       java.lang.ref.Reference::reachabilityFence (1 bytes)
Event: 0.138 Thread 0x000001a05f0cf5d0 nmethod 151 0x000001a048bfcb10 code [0x000001a048bfcc80, 0x000001a048bfcce8]
Event: 0.139 Thread 0x000001a05f0f3ac0  152       3       java.lang.String::checkBoundsBeginEnd (11 bytes)
Event: 0.139 Thread 0x000001a05f0f3ac0 nmethod 152 0x000001a041148790 code [0x000001a041148940, 0x000001a041148b80]
Event: 0.140 Thread 0x000001a05f0f3ac0  154       3       java.lang.invoke.MemberName::isInvocable (8 bytes)
Event: 0.140 Thread 0x000001a05f0f3ac0 nmethod 154 0x000001a041148c90 code [0x000001a041148e40, 0x000001a041149010]
Event: 0.140 Thread 0x000001a05f0f3ac0  155       3       java.lang.invoke.MemberName::anyFlagSet (15 bytes)
Event: 0.140 Thread 0x000001a05f0f3ac0 nmethod 155 0x000001a041149110 code [0x000001a0411492a0, 0x000001a041149408]
Event: 0.140 Thread 0x000001a05f0f3ac0  157       1       java.lang.invoke.MethodType::form (5 bytes)
Event: 0.140 Thread 0x000001a05f0f3ac0 nmethod 157 0x000001a048bfd710 code [0x000001a048bfd8a0, 0x000001a048bfd970]

GC Heap History (0 events):
No events

Dll operation events (7 events):
Event: 0.007 Loaded shared library C:\Program Files\Java\jdk-21\bin\java.dll
Event: 0.048 Loaded shared library C:\Program Files\Java\jdk-21\bin\jsvml.dll
Event: 0.081 Loaded shared library C:\Program Files\Java\jdk-21\bin\net.dll
Event: 0.082 Loaded shared library C:\Program Files\Java\jdk-21\bin\nio.dll
Event: 0.090 Loaded shared library C:\Program Files\Java\jdk-21\bin\zip.dll
Event: 0.097 Loaded shared library C:\Program Files\Java\jdk-21\bin\jimage.dll
Event: 0.129 Loaded shared library C:\Program Files\Java\jdk-21\bin\attach.dll

Deoptimization events (0 events):
No events

Classes loaded (20 events):
Event: 0.139 Loading class java/util/regex/Pattern done
Event: 0.139 Loading class java/util/regex/Pattern$Node
Event: 0.139 Loading class java/util/regex/Pattern$Node done
Event: 0.139 Loading class java/util/regex/Pattern$LastNode
Event: 0.139 Loading class java/util/regex/Pattern$LastNode done
Event: 0.139 Loading class java/util/regex/Pattern$GroupHead
Event: 0.139 Loading class java/util/regex/Pattern$GroupHead done
Event: 0.139 Loading class java/util/regex/Pattern$Slice
Event: 0.139 Loading class java/util/regex/Pattern$SliceNode
Event: 0.139 Loading class java/util/regex/Pattern$SliceNode done
Event: 0.139 Loading class java/util/regex/Pattern$Slice done
Event: 0.139 Loading class java/util/regex/CharPredicates
Event: 0.139 Loading class java/util/regex/CharPredicates done
Event: 0.139 Loading class java/lang/invoke/LambdaMetafactory
Event: 0.139 Loading class java/lang/invoke/LambdaMetafactory done
Event: 0.140 Loading class java/util/regex/Pattern$BmpCharPredicate
Event: 0.140 Loading class java/util/regex/Pattern$CharPredicate
Event: 0.140 Loading class java/util/regex/Pattern$CharPredicate done
Event: 0.140 Loading class java/util/regex/Pattern$BmpCharPredicate done
Event: 0.140 Loading class java/lang/invoke/InnerClassLambdaMetafactory

Classes unloaded (0 events):
No events

Classes redefined (0 events):
No events

Internal exceptions (0 events):
No events

ZGC Phase Switch (0 events):
No events

VM Operations (2 events):
Event: 0.092 Executing VM operation: HandshakeAllThreads (Deoptimize)
Event: 0.092 Executing VM operation: HandshakeAllThreads (Deoptimize) done

Events (11 events):
Event: 0.015 Thread 0x000001a037699810 Thread added: 0x000001a037699810
Event: 0.044 Thread 0x000001a05f0aabd0 Thread added: 0x000001a05f0aabd0
Event: 0.044 Thread 0x000001a05f093330 Thread added: 0x000001a05f093330
Event: 0.045 Thread 0x000001a05f097920 Thread added: 0x000001a05f097920
Event: 0.045 Thread 0x000001a05f098380 Thread added: 0x000001a05f098380
Event: 0.045 Thread 0x000001a05f09b580 Thread added: 0x000001a05f09b580
Event: 0.045 Thread 0x000001a05f09c400 Thread added: 0x000001a05f09c400
Event: 0.045 Thread 0x000001a05f0cf5d0 Thread added: 0x000001a05f0cf5d0
Event: 0.046 Thread 0x000001a05f0f3ac0 Thread added: 0x000001a05f0f3ac0
Event: 0.071 Thread 0x000001a05f09ca90 Thread added: 0x000001a05f09ca90
Event: 0.075 Thread 0x000001a05f09e4d0 Thread added: 0x000001a05f09e4d0


Dynamic libraries:
0x00007ff6c9610000 - 0x00007ff6c9620000 	C:\Program Files\Java\jdk-21\bin\java.exe
0x00007ff8559e0000 - 0x00007ff855c47000 	C:\Windows\SYSTEM32\ntdll.dll
0x00007ff853880000 - 0x00007ff853949000 	C:\Windows\System32\KERNEL32.DLL
0x00007ff852410000 - 0x00007ff852807000 	C:\Windows\System32\KERNELBASE.dll
0x00007ff852c30000 - 0x00007ff852d7b000 	C:\Windows\System32\ucrtbase.dll
0x00007ff80eda0000 - 0x00007ff80edbb000 	C:\Program Files\Java\jdk-21\bin\VCRUNTIME140.dll
0x00007ff80a5d0000 - 0x00007ff80a5e9000 	C:\Program Files\Java\jdk-21\bin\jli.dll
0x00007ff854f60000 - 0x00007ff855016000 	C:\Windows\System32\ADVAPI32.dll
0x00007ff853c40000 - 0x00007ff853ce9000 	C:\Windows\System32\msvcrt.dll
0x00007ff8544e0000 - 0x00007ff854587000 	C:\Windows\System32\sechost.dll
0x00007ff853760000 - 0x00007ff853878000 	C:\Windows\System32\RPCRT4.dll
0x00007ff8542d0000 - 0x00007ff854496000 	C:\Windows\System32\USER32.dll
0x00007ff83b6f0000 - 0x00007ff83b982000 	C:\Windows\WinSxS\amd64_microsoft.windows.common-controls_6595b64144ccf1df_6.0.26100.8457_none_3e0b2faee331e92d\COMCTL32.dll
0x00007ff852810000 - 0x00007ff852837000 	C:\Windows\System32\win32u.dll
0x00007ff853c10000 - 0x00007ff853c3b000 	C:\Windows\System32\GDI32.dll
0x00007ff8528d0000 - 0x00007ff8529fc000 	C:\Windows\System32\gdi32full.dll
0x00007ff852a00000 - 0x00007ff852aa3000 	C:\Windows\System32\msvcp_win.dll
0x00007ff849ee0000 - 0x00007ff849eeb000 	C:\Windows\SYSTEM32\VERSION.dll
0x00007ff8544a0000 - 0x00007ff8544d2000 	C:\Windows\System32\IMM32.DLL
0x00007ff8269e0000 - 0x00007ff8269ec000 	C:\Program Files\Java\jdk-21\bin\vcruntime140_1.dll
0x00007fffc0dd0000 - 0x00007fffc0e5e000 	C:\Program Files\Java\jdk-21\bin\msvcp140.dll
0x00007fff7e690000 - 0x00007fff7f3ad000 	C:\Program Files\Java\jdk-21\bin\server\jvm.dll
0x00007ff854600000 - 0x00007ff854680000 	C:\Windows\System32\WS2_32.dll
0x00007ff852270000 - 0x00007ff8522ce000 	C:\Windows\SYSTEM32\POWRPROF.dll
0x00007ff848850000 - 0x00007ff848886000 	C:\Windows\SYSTEM32\WINMM.dll
0x00007ff852250000 - 0x00007ff852264000 	C:\Windows\SYSTEM32\UMPDC.dll
0x00007ff8511a0000 - 0x00007ff8511bb000 	C:\Windows\SYSTEM32\kernel.appcore.dll
0x00007ff825080000 - 0x00007ff82508a000 	C:\Program Files\Java\jdk-21\bin\jimage.dll
0x00007ff84fdb0000 - 0x00007ff84fff2000 	C:\Windows\SYSTEM32\DBGHELP.DLL
0x00007ff854ba0000 - 0x00007ff854f23000 	C:\Windows\System32\combase.dll
0x00007ff8547a0000 - 0x00007ff854879000 	C:\Windows\System32\OLEAUT32.dll
0x00007ff8385d0000 - 0x00007ff83860b000 	C:\Windows\SYSTEM32\dbgcore.DLL
0x00007ff852d80000 - 0x00007ff852e28000 	C:\Windows\System32\bcryptPrimitives.dll
0x00007ff808960000 - 0x00007ff80897f000 	C:\Program Files\Java\jdk-21\bin\java.dll
0x00007ff855220000 - 0x00007ff85598e000 	C:\Windows\System32\SHELL32.dll
0x00007ff852e30000 - 0x00007ff85369c000 	C:\Windows\System32\windows.storage.dll
0x00007ff853b10000 - 0x00007ff853c06000 	C:\Windows\System32\SHCORE.dll
0x00007ff854ab0000 - 0x00007ff854b16000 	C:\Windows\System32\shlwapi.dll
0x00007ff852330000 - 0x00007ff852359000 	C:\Windows\SYSTEM32\profapi.dll
0x00007fffd6ba0000 - 0x00007fffd6c77000 	C:\Program Files\Java\jdk-21\bin\jsvml.dll
0x00007ff824e80000 - 0x00007ff824e90000 	C:\Program Files\Java\jdk-21\bin\net.dll
0x00007ff84b100000 - 0x00007ff84b229000 	C:\Windows\SYSTEM32\WINHTTP.dll
0x00007ff851710000 - 0x00007ff85177c000 	C:\Windows\system32\mswsock.dll
0x00007fffe31a0000 - 0x00007fffe31b6000 	C:\Program Files\Java\jdk-21\bin\nio.dll
0x00007fffddeb0000 - 0x00007fffddec8000 	C:\Program Files\Java\jdk-21\bin\zip.dll
0x00007ff822030000 - 0x00007ff822039000 	C:\Program Files\Java\jdk-21\bin\attach.dll
0x00007ff8545f0000 - 0x00007ff8545f8000 	C:\Windows\System32\PSAPI.DLL

dbghelp: loaded successfully - version: 4.0.5 - missing functions: none
symbol engine: initialized successfully - sym options: 0x614 - pdb path: .;C:\Program Files\Java\jdk-21\bin;C:\Windows\SYSTEM32;C:\Windows\WinSxS\amd64_microsoft.windows.common-controls_6595b64144ccf1df_6.0.26100.8457_none_3e0b2faee331e92d;C:\Program Files\Java\jdk-21\bin\server

VM Arguments:
jvm_args: -Dnet.bytebuddy.agent.attacher.dump= 
java_command: net.bytebuddy.agent.Attacher com.sun.tools.attach.VirtualMachine 35756 C:\Users\LENOVO\.m2\repository\net\bytebuddy\byte-buddy-agent\1.17.8\byte-buddy-agent-1.17.8.jar false 
java_class_path (initial): C:\Users\LENOVO\.m2\repository\net\bytebuddy\byte-buddy-agent\1.17.8\byte-buddy-agent-1.17.8.jar
Launcher Type: SUN_STANDARD

[Global flags]
     intx CICompilerCount                          = 4                                         {product} {ergonomic}
     uint ConcGCThreads                            = 2                                         {product} {ergonomic}
     uint G1ConcRefinementThreads                  = 8                                         {product} {ergonomic}
   size_t G1HeapRegionSize                         = 4194304                                   {product} {ergonomic}
    uintx GCDrainStackTargetSize                   = 64                                        {product} {ergonomic}
   size_t InitialHeapSize                          = 402653184                                 {product} {ergonomic}
   size_t MarkStackSize                            = 4194304                                   {product} {ergonomic}
   size_t MaxHeapSize                              = 6387924992                                {product} {ergonomic}
   size_t MaxNewSize                               = 3829399552                                {product} {ergonomic}
   size_t MinHeapDeltaBytes                        = 4194304                                   {product} {ergonomic}
   size_t MinHeapSize                              = 8388608                                   {product} {ergonomic}
    uintx NonNMethodCodeHeapSize                   = 5839372                                {pd product} {ergonomic}
    uintx NonProfiledCodeHeapSize                  = 122909434                              {pd product} {ergonomic}
    uintx ProfiledCodeHeapSize                     = 122909434                              {pd product} {ergonomic}
    uintx ReservedCodeCacheSize                    = 251658240                              {pd product} {ergonomic}
     bool SegmentedCodeCache                       = true                                      {product} {ergonomic}
   size_t SoftMaxHeapSize                          = 6387924992                             {manageable} {ergonomic}
     bool UseCompressedOops                        = true                           {product lp64_product} {ergonomic}
     bool UseG1GC                                  = true                                      {product} {ergonomic}
     bool UseLargePagesIndividualAllocation        = false                                  {pd product} {ergonomic}

Logging:
Log output configuration:
 #0: stdout all=warning uptime,level,tags foldmultilines=false
 #1: stderr all=off uptime,level,tags foldmultilines=false

Environment Variables:
PATH=C:\Program Files\Common Files\Oracle\Java\javapath;C:\Windows\system32;C:\Windows;C:\Windows\System32\Wbem;C:\Windows\System32\WindowsPowerShell\v1.0\;C:\Windows\System32\OpenSSH\;C:\Program Files\nodejs\;C:\ProgramData\chocolatey\bin;C:\apache-maven\bin;C:\Program Files\dotnet\;C:\Program Files\Git\cmd;C:\Users\LENOVO\AppData\Local\Muse Hub\lib;C:\Users\LENOVO\.cargo\bin;C:\Users\LENOVO\AppData\Local\Programs\Python\Python312\Scripts\;C:\Users\LENOVO\AppData\Local\Programs\Python\Python312\;C:\Users\LENOVO\AppData\Local\Microsoft\WindowsApps;D:\programas\Microsoft VS Code\bin;C:\Users\LENOVO\AppData\Local\Python\bin;C:\Users\LENOVO\AppData\Local\Android\Sdk\platform-tools;C:\Users\LENOVO\AppData\Roaming\npm;C:\Users\LENOVO\AppData\Local\Programs\Windsurf\bin;C:\Program Files\JetBrains\IntelliJ IDEA 2026.1\bin;C:\Users\LENOVO\AppData\Local\Muse Hub\lib;C:\Users\LENOVO\.lmstudio\bin
USERNAME=LENOVO
OS=Windows_NT
PROCESSOR_IDENTIFIER=Intel64 Family 6 Model 140 Stepping 1, GenuineIntel
TMP=C:\Users\LENOVO\AppData\Local\Temp
TEMP=C:\Users\LENOVO\AppData\Local\Temp




Periodic native trim disabled

---------------  S Y S T E M  ---------------

OS:
 Windows 11 , 64 bit Build 26100 (10.0.26100.8328)
OS uptime: 2 days 16:41 hours
Hyper-V role detected

CPU: total 8 (initial active 8) (4 cores per cpu, 2 threads per core) family 6 model 140 stepping 1 microcode 0x86, cx8, cmov, fxsr, ht, mmx, 3dnowpref, sse, sse2, sse3, ssse3, sse4.1, sse4.2, popcnt, lzcnt, tsc, tscinvbit, avx, avx2, aes, erms, clmul, bmi1, bmi2, adx, avx512f, avx512dq, avx512cd, avx512bw, avx512vl, sha, fma, vzeroupper, avx512_vpopcntdq, avx512_vpclmulqdq, avx512_vaes, avx512_vnni, clflush, clflushopt, clwb, avx512_vbmi2, avx512_vbmi, hv, rdtscp, rdpid, fsrm, gfni, avx512_bitalg, f16c, cet_ibt, cet_ss, avx512_ifma
Processor Information for all 8 processors :
  Max Mhz: 3110, Current Mhz: 3110, Mhz Limit: 3110

Memory: 4k page, system-wide physical 24359M (2304M free)
TotalPageFile size 49154M (AvailPageFile size 3M)
current process WorkingSet (physical memory assigned to process): 35M, peak: 35M
current process commit charge ("private bytes"): 466M, peak: 466M

vm_info: Java HotSpot(TM) 64-Bit Server VM (21.0.9+7-LTS-338) for windows-amd64 JRE (21.0.9+7-LTS-338), built on 2025-09-26T06:33:49Z by "mach5run" with MS VC++ 17.6 (VS2022)

END.
